
[2026-08-07 18:00:47] ==============================================
[2026-08-07 18:00:47] WORKFLOW ID: 7fd6febc-dd0d-4d71-bda4-17f2c1fff74b
[2026-08-07 18:00:47] ==============================================

[2026-08-07 18:00:47] ==============================================
[2026-08-07 18:00:47] Executing Workflow...
[2026-08-07 18:00:47] ==============================================

[2026-08-07 18:00:47] ========== Planner ==========

[2026-08-07 18:00:52] Planner Finished Successfully

[2026-08-07 18:00:52] ========== Task Splitter ==========


[2026-08-07 18:00:52] ========== RAW TASK SPLITTER OUTPUT ==========

[2026-08-07 18:00:52] {
[2026-08-07 18:00:52]     "success": true,
[2026-08-07 18:00:52]     "parallel": true,
[2026-08-07 18:00:52]     "tasks": [
[2026-08-07 18:00:52]         {
[2026-08-07 18:00:52]             "task_id": "1",
[2026-08-07 18:00:52]             "title": "Research Data Cleaning Techniques",
[2026-08-07 18:00:52]             "agent": "Researcher",
[2026-08-07 18:00:52]             "dependencies": [],
[2026-08-07 18:00:52]             "status": "pending"
[2026-08-07 18:00:52]         },
[2026-08-07 18:00:52]         {
[2026-08-07 18:00:52]             "task_id": "2",
[2026-08-07 18:00:52]             "title": "Investigate Data Transformation Methods",
[2026-08-07 18:00:52]             "agent": "Researcher",
[2026-08-07 18:00:52]             "dependencies": [],
[2026-08-07 18:00:52]             "status": "pending"
[2026-08-07 18:00:52]         },
[2026-08-07 18:00:52]         {
[2026-08-07 18:00:52]             "task_id": "3",
[2026-08-07 18:00:52]             "title": "Examine Data Normalization Strategies",
[2026-08-07 18:00:52]             "agent": "Researcher",
[2026-08-07 18:00:52]             "dependencies": [],
[2026-08-07 18:00:52]             "status": "pending"
[2026-08-07 18:00:52]         }
[2026-08-07 18:00:52]     ]
[2026-08-07 18:00:52] }

[2026-08-07 18:00:52] ========== PARSED JSON ==========

[2026-08-07 18:00:52] {'success': True, 'parallel': True, 'tasks': [{'task_id': '1', 'title': 'Research Data Cleaning Techniques', 'agent': 'Researcher', 'dependencies': [], 'status': 'pending'}, {'task_id': '2', 'title': 'Investigate Data Transformation Methods', 'agent': 'Researcher', 'dependencies': [], 'status': 'pending'}, {'task_id': '3', 'title': 'Examine Data Normalization Strategies', 'agent': 'Researcher', 'dependencies': [], 'status': 'pending'}]}

[2026-08-07 18:00:52] Task Splitter Completed Successfully


[2026-08-07 18:00:52] ========== Research Agent 1 ==========


[2026-08-07 18:00:54] ========== Research Agent 2 ==========

[2026-08-07 18:00:55] Research Completed Successfully

[2026-08-07 18:00:55] ========== Summarizer ==========


[2026-08-07 18:00:56] ========== RAW SUMMARIZER OUTPUT ==========

[2026-08-07 18:00:56] {
[2026-08-07 18:00:56]     "title": "Data Cleaning and Transformation Techniques",
[2026-08-07 18:00:56]     "summary": "Data cleaning and transformation techniques are crucial for ensuring the quality and accuracy of data, and for preparing it for analysis and modeling. These techniques involve identifying and correcting errors, handling missing values, and transforming data into a consistent format.",
[2026-08-07 18:00:56]     "key_points": [
[2026-08-07 18:00:56]         "Data cleaning techniques involve identifying and correcting errors, handling missing values, and transforming data into a consistent format",
[2026-08-07 18:00:56]         "Data transformation methods include aggregation, normalization, feature scaling, and data encoding",
[2026-08-07 18:00:56]         "Data transformation is essential for data preprocessing and preparation for machine learning models and data visualization"
[2026-08-07 18:00:56]     ],
[2026-08-07 18:00:56]     "conclusion": "Effective data cleaning and transformation techniques are essential for achieving reliable results and informed decision-making in various fields, including business, healthcare, and research."
[2026-08-07 18:00:56] }

[2026-08-07 18:00:56] ========== PARSED SUMMARY ==========

[2026-08-07 18:00:56] {'title': 'Data Cleaning and Transformation Techniques', 'summary': 'Data cleaning and transformation techniques are crucial for ensuring the quality and accuracy of data, and for preparing it for analysis and modeling. These techniques involve identifying and correcting errors, handling missing values, and transforming data into a consistent format.', 'key_points': ['Data cleaning techniques involve identifying and correcting errors, handling missing values, and transforming data into a consistent format', 'Data transformation methods include aggregation, normalization, feature scaling, and data encoding', 'Data transformation is essential for data preprocessing and preparation for machine learning models and data visualization'], 'conclusion': 'Effective data cleaning and transformation techniques are essential for achieving reliable results and informed decision-making in various fields, including business, healthcare, and research.'}

[2026-08-07 18:00:56] Summarizer Finished Successfully


[2026-08-07 18:00:56] ========== Verifier ==========


[2026-08-07 18:00:56] ========== RAW VERIFIER OUTPUT ==========

[2026-08-07 18:00:56] {
[2026-08-07 18:00:56]     "verified": true,
[2026-08-07 18:00:56]     "confidence": 0.95,
[2026-08-07 18:00:56]     "issues": [],
[2026-08-07 18:00:56]     "feedback": ""
[2026-08-07 18:00:56] }

[2026-08-07 18:00:56] ========== PARSED VERIFIER ==========

[2026-08-07 18:00:56] {'verified': True, 'confidence': 0.95, 'issues': [], 'feedback': ''}

[2026-08-07 18:00:56] Verifier Finished Successfully


[2026-08-07 18:00:56] ==============================================
[2026-08-07 18:00:56] WORKFLOW COMPLETED
[2026-08-07 18:00:56] ==============================================

[2026-08-07 18:00:56] Execution Trace

[2026-08-07 18:00:56] ✓ Planner
[2026-08-07 18:00:56] ✓ TaskSplitter
[2026-08-07 18:00:56] ✓ ResearchAgent1
[2026-08-07 18:00:56] ✓ ResearchAgent2
[2026-08-07 18:00:56] ✓ Summarizer
[2026-08-07 18:00:56] ✓ Verifier

[2026-08-07 18:00:56] ==============================================
[2026-08-07 18:00:56] FINAL OUTPUT
[2026-08-07 18:00:56] ==============================================
[2026-08-07 18:00:56] {'workflow_id': '7fd6febc-dd0d-4d71-bda4-17f2c1fff74b', 'goal': 'Define data preprocessing', 'summary': {'title': 'Data Cleaning and Transformation Techniques', 'summary': 'Data cleaning and transformation techniques are crucial for ensuring the quality and accuracy of data, and for preparing it for analysis and modeling. These techniques involve identifying and correcting errors, handling missing values, and transforming data into a consistent format.', 'key_points': ['Data cleaning techniques involve identifying and correcting errors, handling missing values, and transforming data into a consistent format', 'Data transformation methods include aggregation, normalization, feature scaling, and data encoding', 'Data transformation is essential for data preprocessing and preparation for machine learning models and data visualization'], 'conclusion': 'Effective data cleaning and transformation techniques are essential for achieving reliable results and informed decision-making in various fields, including business, healthcare, and research.'}, 'verification': {'verified': True, 'confidence': 0.95, 'issues': [], 'feedback': ''}}

[2026-08-07 18:03:31] ==============================================
[2026-08-07 18:03:31] ROLLED BACK TO: TaskSplitter (step 1)
[2026-08-07 18:03:31] RESUMING FROM: ResearchAgent1
[2026-08-07 18:03:31] ==============================================

[2026-08-07 18:03:31] ========== Research Agent 1 ==========


[2026-08-07 18:03:35] ========== Research Agent 2 ==========

[2026-08-07 18:03:36] Research Completed Successfully

[2026-08-07 18:03:36] ========== Summarizer ==========


[2026-08-07 18:03:37] ========== RAW SUMMARIZER OUTPUT ==========

[2026-08-07 18:03:37] {
[2026-08-07 18:03:37]     "title": "Data Cleaning and Transformation Techniques",
[2026-08-07 18:03:37]     "summary": "Data cleaning techniques are essential for ensuring the quality and accuracy of data, while data transformation methods enable compatibility and usability across different systems and applications.",
[2026-08-07 18:03:37]     "key_points": [
[2026-08-07 18:03:37]         "Data cleaning techniques involve identifying and correcting errors, handling missing values, and transforming data into a suitable format for analysis",
[2026-08-07 18:03:37]         "Data transformation methods include data aggregation, data normalization, data cleansing, and data mapping",
[2026-08-07 18:03:37]         "Data transformation is crucial in data integration, data warehousing, and business intelligence"
[2026-08-07 18:03:37]     ],
[2026-08-07 18:03:37]     "conclusion": "Effective data cleaning and transformation techniques are critical for informed decision-making and reliable analysis, and are essential components of data integration, data warehousing, and business intelligence"
[2026-08-07 18:03:37] }

[2026-08-07 18:03:37] ========== PARSED SUMMARY ==========

[2026-08-07 18:03:37] {'title': 'Data Cleaning and Transformation Techniques', 'summary': 'Data cleaning techniques are essential for ensuring the quality and accuracy of data, while data transformation methods enable compatibility and usability across different systems and applications.', 'key_points': ['Data cleaning techniques involve identifying and correcting errors, handling missing values, and transforming data into a suitable format for analysis', 'Data transformation methods include data aggregation, data normalization, data cleansing, and data mapping', 'Data transformation is crucial in data integration, data warehousing, and business intelligence'], 'conclusion': 'Effective data cleaning and transformation techniques are critical for informed decision-making and reliable analysis, and are essential components of data integration, data warehousing, and business intelligence'}

[2026-08-07 18:03:37] Summarizer Finished Successfully


[2026-08-07 18:03:37] ========== Verifier ==========


[2026-08-07 18:03:37] ========== RAW VERIFIER OUTPUT ==========

[2026-08-07 18:03:37] {
[2026-08-07 18:03:37]     "verified": true,
[2026-08-07 18:03:37]     "confidence": 0.95,
[2026-08-07 18:03:37]     "issues": [],
[2026-08-07 18:03:37]     "feedback": ""
[2026-08-07 18:03:37] }

[2026-08-07 18:03:37] ========== PARSED VERIFIER ==========

[2026-08-07 18:03:37] {'verified': True, 'confidence': 0.95, 'issues': [], 'feedback': ''}

[2026-08-07 18:03:37] Verifier Finished Successfully


[2026-08-07 18:03:37] ==============================================
[2026-08-07 18:03:37] WORKFLOW COMPLETED
[2026-08-07 18:03:37] ==============================================

[2026-08-07 18:03:37] Execution Trace

[2026-08-07 18:03:37] ✓ Planner
[2026-08-07 18:03:37] ✓ TaskSplitter
[2026-08-07 18:03:37] ✓ ResearchAgent1
[2026-08-07 18:03:37] ✓ ResearchAgent2
[2026-08-07 18:03:37] ✓ Summarizer
[2026-08-07 18:03:37] ✓ Verifier

[2026-08-07 18:03:37] ==============================================
[2026-08-07 18:03:37] FINAL OUTPUT
[2026-08-07 18:03:37] ==============================================
[2026-08-07 18:03:37] {'workflow_id': '7fd6febc-dd0d-4d71-bda4-17f2c1fff74b', 'goal': 'Define data preprocessing', 'summary': {'title': 'Data Cleaning and Transformation Techniques', 'summary': 'Data cleaning techniques are essential for ensuring the quality and accuracy of data, while data transformation methods enable compatibility and usability across different systems and applications.', 'key_points': ['Data cleaning techniques involve identifying and correcting errors, handling missing values, and transforming data into a suitable format for analysis', 'Data transformation methods include data aggregation, data normalization, data cleansing, and data mapping', 'Data transformation is crucial in data integration, data warehousing, and business intelligence'], 'conclusion': 'Effective data cleaning and transformation techniques are critical for informed decision-making and reliable analysis, and are essential components of data integration, data warehousing, and business intelligence'}, 'verification': {'verified': True, 'confidence': 0.95, 'issues': [], 'feedback': ''}}
